
> react-kavia@0.1.0 start
> cross-env EDIT_MODE=true webpack serve --config .ve/webpack.config.js --mode development

<i> [webpack-dev-server] Project is running at:
<i> [webpack-dev-server] Loopback: http://localhost:3000/, http://[::1]:3000/
<i> [webpack-dev-server] On Your Network (IPv4): http://172.17.0.2:3000/
<i> [webpack-dev-server] Content not from webpack is served from './public' directory
Injecting EditorRootWrapper import: ../.ve/EditorRootWrapper
asset bundle.js 1.79 MiB [emitted] (name: main)
asset index.html 1.98 KiB [emitted]
runtime modules 28.7 KiB 15 modules
cacheable modules 1.61 MiB
  modules by path ./node_modules/ 1.54 MiB 34 modules
  modules by path ./src/ 55.6 KiB
    modules by path ./src/pages/*.js 34.1 KiB 6 modules
    modules by path ./src/*.css 11.6 KiB 4 modules
    modules by path ./src/components/ 7.03 KiB 3 modules
    modules by path ./src/*.js 2.84 KiB 2 modules
  modules by path ./.ve/ 15.1 KiB
    modules by path ./.ve/*.js 10.6 KiB 2 modules
    modules by path ./.ve/*.css 2.93 KiB 2 modules
    ./.ve/EditorOverlay.jsx 1.58 KiB [built] [code generated]
webpack 5.99.9 compiled successfully in 1634 ms
assets by status 1.98 KiB [cached] 1 asset
assets by path *.js 1.8 MiB
  asset bundle.js 1.79 MiB [emitted] (name: main)
  asset main.2a613965bd24b45d12ea.hot-update.js 13.1 KiB [emitted] [immutable] [hmr] (name: main)
asset main.2a613965bd24b45d12ea.hot-update.json 28 bytes [emitted] [immutable] [hmr]
Entrypoint main 1.8 MiB = bundle.js 1.79 MiB main.2a613965bd24b45d12ea.hot-update.js 13.1 KiB
cached modules 1.6 MiB [cached] 53 modules
runtime modules 28.7 KiB 15 modules
./src/pages/News.js 9.83 KiB [built] [code generated]
webpack 5.99.9 compiled successfully in 157 ms
assets by status 1.98 KiB [cached] 1 asset
assets by path *.js 1.8 MiB
  asset bundle.js 1.79 MiB [emitted] (name: main)
  asset main.54e65d2d115556c7787e.hot-update.js 13.4 KiB [emitted] [immutable] [hmr] (name: main)
asset main.54e65d2d115556c7787e.hot-update.json 28 bytes [emitted] [immutable] [hmr]
Entrypoint main 1.8 MiB = bundle.js 1.79 MiB main.54e65d2d115556c7787e.hot-update.js 13.4 KiB
cached modules 1.6 MiB [cached] 53 modules
runtime modules 28.7 KiB 15 modules
./src/pages/News.js 10 KiB [built] [code generated]
webpack 5.99.9 compiled successfully in 93 ms
